
> grabit@0.1.0 build
> next build

  Γû▓ Next.js 14.2.35
  - Environments: .env.local

   Creating an optimized production build ...
 Γ£ô Compiled successfully
   Linting and checking validity of types ...
   Collecting page data ...
   Generating static pages (0/8) ...
   Generating static pages (2/8) 
   Generating static pages (4/8) 
   Generating static pages (6/8) 
 Γ£ô Generating static pages (8/8)
   Finalizing page optimization ...
   Collecting build traces ...

Route (app)                              Size     First Load JS
Γöî Γùï /                                    3.53 kB        90.8 kB
Γö£ Γùï /_not-found                          873 B          88.1 kB
Γö£ ╞Æ /api/chat                            0 B                0 B
Γö£ ╞Æ /api/highlights                      0 B                0 B
Γö£ ╞Æ /api/notes                           0 B                0 B
Γöö ╞Æ /api/transcribe                      0 B                0 B
+ First Load JS shared by all            87.2 kB
  Γö£ chunks/117-f48404e42cb32be4.js       31.7 kB
  Γö£ chunks/fd9d1056-0807e69ea9c303ac.js  53.6 kB
  Γöö other shared chunks (total)          1.86 kB


Γùï  (Static)   prerendered as static content
╞Æ  (Dynamic)  server-rendered on demand

